{
  "annotation_standard": "custom",
  "dynamics": null,
  "id": "empty_test",
  "lineage": null,
  "metadata": {
    "bitrate": null,
    "camera_type": null,
    "codec": null,
    "duration": 5.0,
    "environment": null,
    "fps": 30.0,
    "has_audio": false,
    "resolution": [
      1920,
      1080
    ],
    "total_frames": 150
  },
  "model_version": null,
  "parent_id": null,
  "quality_metrics": {},
  "quality_score": null,
  "schema_version": "2.0",
  "segments": [],
  "source": "teacher",
  "state_predictions": null,
  "tags": [],
  "video_id": "vid_empty",
  "video_path": "/path/to/empty.mp4"
}