{
  "id": "empty_test",
  "metadata": {
    "bitrate": null,
    "codec": null,
    "duration": 5.0,
    "fps": 30.0,
    "has_audio": false,
    "resolution": [
      1920,
      1080
    ],
    "total_frames": 150
  },
  "model_version": null,
  "parent_id": null,
  "quality_metrics": {},
  "quality_score": null,
  "segments": [],
  "source": "teacher",
  "tags": [],
  "video_id": "vid_empty",
  "video_path": "/path/to/empty.mp4"
}